------------------------------------------------------------
TimeQuest Timing Analyzer Summary
------------------------------------------------------------

Type  : Slow 1200mV 85C Model Setup 'clock:clo|state.state_1'
Slack : -5.173
TNS   : -189.461

Type  : Slow 1200mV 85C Model Setup 'mem_data_reg:data_reg|register_8bit:l1|q[0]'
Slack : -4.512
TNS   : -11.471

Type  : Slow 1200mV 85C Model Setup 'ins_reg_clk'
Slack : -4.337
TNS   : -70.624

Type  : Slow 1200mV 85C Model Setup 'clock:clo|state.state_3'
Slack : -3.778
TNS   : -36.848

Type  : Slow 1200mV 85C Model Setup 'intruction_reg:ins_reg|q[0]'
Slack : -3.464
TNS   : -63.221

Type  : Slow 1200mV 85C Model Setup 'clk_25mhz'
Slack : -1.406
TNS   : -7.829

Type  : Slow 1200mV 85C Model Hold 'mem_data_reg:data_reg|register_8bit:l1|q[0]'
Slack : -1.296
TNS   : -3.753

Type  : Slow 1200mV 85C Model Hold 'clock:clo|state.state_3'
Slack : -0.976
TNS   : -1.332

Type  : Slow 1200mV 85C Model Hold 'clock:clo|state.state_1'
Slack : -0.791
TNS   : -1.083

Type  : Slow 1200mV 85C Model Hold 'intruction_reg:ins_reg|q[0]'
Slack : -0.751
TNS   : -14.431

Type  : Slow 1200mV 85C Model Hold 'clk_25mhz'
Slack : -0.149
TNS   : -0.211

Type  : Slow 1200mV 85C Model Hold 'ins_reg_clk'
Slack : -0.010
TNS   : -0.010

Type  : Slow 1200mV 85C Model Recovery 'ins_reg_clk'
Slack : -2.917
TNS   : -47.677

Type  : Slow 1200mV 85C Model Recovery 'mem_data_reg:data_reg|register_8bit:l1|q[0]'
Slack : -2.612
TNS   : -5.965

Type  : Slow 1200mV 85C Model Removal 'ins_reg_clk'
Slack : 0.884
TNS   : 0.000

Type  : Slow 1200mV 85C Model Removal 'mem_data_reg:data_reg|register_8bit:l1|q[0]'
Slack : 1.022
TNS   : 0.000

Type  : Slow 1200mV 85C Model Minimum Pulse Width 'clk_25mhz'
Slack : -3.000
TNS   : -17.000

Type  : Slow 1200mV 85C Model Minimum Pulse Width 'clock:clo|state.state_1'
Slack : -1.000
TNS   : -66.000

Type  : Slow 1200mV 85C Model Minimum Pulse Width 'ins_reg_clk'
Slack : -1.000
TNS   : -40.000

Type  : Slow 1200mV 85C Model Minimum Pulse Width 'clock:clo|state.state_3'
Slack : -1.000
TNS   : -17.000

Type  : Slow 1200mV 85C Model Minimum Pulse Width 'mem_data_reg:data_reg|register_8bit:l1|q[0]'
Slack : 0.402
TNS   : 0.000

Type  : Slow 1200mV 85C Model Minimum Pulse Width 'intruction_reg:ins_reg|q[0]'
Slack : 0.420
TNS   : 0.000

Type  : Slow 1200mV 0C Model Setup 'clock:clo|state.state_1'
Slack : -4.534
TNS   : -163.770

Type  : Slow 1200mV 0C Model Setup 'mem_data_reg:data_reg|register_8bit:l1|q[0]'
Slack : -4.099
TNS   : -10.391

Type  : Slow 1200mV 0C Model Setup 'ins_reg_clk'
Slack : -3.771
TNS   : -61.300

Type  : Slow 1200mV 0C Model Setup 'clock:clo|state.state_3'
Slack : -3.260
TNS   : -31.357

Type  : Slow 1200mV 0C Model Setup 'intruction_reg:ins_reg|q[0]'
Slack : -3.084
TNS   : -56.537

Type  : Slow 1200mV 0C Model Setup 'clk_25mhz'
Slack : -1.174
TNS   : -6.409

Type  : Slow 1200mV 0C Model Hold 'mem_data_reg:data_reg|register_8bit:l1|q[0]'
Slack : -1.122
TNS   : -3.264

Type  : Slow 1200mV 0C Model Hold 'clock:clo|state.state_3'
Slack : -0.882
TNS   : -1.256

Type  : Slow 1200mV 0C Model Hold 'clock:clo|state.state_1'
Slack : -0.686
TNS   : -0.897

Type  : Slow 1200mV 0C Model Hold 'intruction_reg:ins_reg|q[0]'
Slack : -0.653
TNS   : -12.052

Type  : Slow 1200mV 0C Model Hold 'clk_25mhz'
Slack : -0.105
TNS   : -0.115

Type  : Slow 1200mV 0C Model Hold 'ins_reg_clk'
Slack : 0.035
TNS   : 0.000

Type  : Slow 1200mV 0C Model Recovery 'ins_reg_clk'
Slack : -2.545
TNS   : -40.498

Type  : Slow 1200mV 0C Model Recovery 'mem_data_reg:data_reg|register_8bit:l1|q[0]'
Slack : -2.383
TNS   : -5.449

Type  : Slow 1200mV 0C Model Removal 'ins_reg_clk'
Slack : 0.794
TNS   : 0.000

Type  : Slow 1200mV 0C Model Removal 'mem_data_reg:data_reg|register_8bit:l1|q[0]'
Slack : 1.015
TNS   : 0.000

Type  : Slow 1200mV 0C Model Minimum Pulse Width 'clk_25mhz'
Slack : -3.000
TNS   : -17.000

Type  : Slow 1200mV 0C Model Minimum Pulse Width 'clock:clo|state.state_1'
Slack : -1.000
TNS   : -66.000

Type  : Slow 1200mV 0C Model Minimum Pulse Width 'ins_reg_clk'
Slack : -1.000
TNS   : -40.000

Type  : Slow 1200mV 0C Model Minimum Pulse Width 'clock:clo|state.state_3'
Slack : -1.000
TNS   : -17.000

Type  : Slow 1200mV 0C Model Minimum Pulse Width 'mem_data_reg:data_reg|register_8bit:l1|q[0]'
Slack : 0.439
TNS   : 0.000

Type  : Slow 1200mV 0C Model Minimum Pulse Width 'intruction_reg:ins_reg|q[0]'
Slack : 0.445
TNS   : 0.000

Type  : Fast 1200mV 0C Model Setup 'clock:clo|state.state_1'
Slack : -2.803
TNS   : -96.026

Type  : Fast 1200mV 0C Model Setup 'ins_reg_clk'
Slack : -2.351
TNS   : -34.129

Type  : Fast 1200mV 0C Model Setup 'mem_data_reg:data_reg|register_8bit:l1|q[0]'
Slack : -2.253
TNS   : -5.575

Type  : Fast 1200mV 0C Model Setup 'clock:clo|state.state_3'
Slack : -2.118
TNS   : -16.858

Type  : Fast 1200mV 0C Model Setup 'intruction_reg:ins_reg|q[0]'
Slack : -1.679
TNS   : -26.562

Type  : Fast 1200mV 0C Model Setup 'clk_25mhz'
Slack : -0.669
TNS   : -2.809

Type  : Fast 1200mV 0C Model Hold 'mem_data_reg:data_reg|register_8bit:l1|q[0]'
Slack : -0.836
TNS   : -2.456

Type  : Fast 1200mV 0C Model Hold 'clock:clo|state.state_3'
Slack : -0.579
TNS   : -0.773

Type  : Fast 1200mV 0C Model Hold 'intruction_reg:ins_reg|q[0]'
Slack : -0.537
TNS   : -10.254

Type  : Fast 1200mV 0C Model Hold 'clock:clo|state.state_1'
Slack : -0.537
TNS   : -0.873

Type  : Fast 1200mV 0C Model Hold 'clk_25mhz'
Slack : -0.172
TNS   : -0.301

Type  : Fast 1200mV 0C Model Hold 'ins_reg_clk'
Slack : -0.100
TNS   : -0.332

Type  : Fast 1200mV 0C Model Recovery 'ins_reg_clk'
Slack : -1.280
TNS   : -14.831

Type  : Fast 1200mV 0C Model Recovery 'mem_data_reg:data_reg|register_8bit:l1|q[0]'
Slack : -1.253
TNS   : -2.616

Type  : Fast 1200mV 0C Model Removal 'ins_reg_clk'
Slack : 0.462
TNS   : 0.000

Type  : Fast 1200mV 0C Model Removal 'mem_data_reg:data_reg|register_8bit:l1|q[0]'
Slack : 0.716
TNS   : 0.000

Type  : Fast 1200mV 0C Model Minimum Pulse Width 'clk_25mhz'
Slack : -3.000
TNS   : -17.414

Type  : Fast 1200mV 0C Model Minimum Pulse Width 'clock:clo|state.state_1'
Slack : -1.000
TNS   : -66.000

Type  : Fast 1200mV 0C Model Minimum Pulse Width 'ins_reg_clk'
Slack : -1.000
TNS   : -40.000

Type  : Fast 1200mV 0C Model Minimum Pulse Width 'clock:clo|state.state_3'
Slack : -1.000
TNS   : -17.000

Type  : Fast 1200mV 0C Model Minimum Pulse Width 'intruction_reg:ins_reg|q[0]'
Slack : 0.381
TNS   : 0.000

Type  : Fast 1200mV 0C Model Minimum Pulse Width 'mem_data_reg:data_reg|register_8bit:l1|q[0]'
Slack : 0.385
TNS   : 0.000

------------------------------------------------------------
