------------------------------------------------------------
TimeQuest Timing Analyzer Summary
------------------------------------------------------------

Type  : Slow Model Setup 'processor:processor_m|clock:clo|state.state_3'
Slack : -27.208
TNS   : -829.772

Type  : Slow Model Setup 'processor:processor_m|clock:clo|state.state_1'
Slack : -25.592
TNS   : -1075.734

Type  : Slow Model Setup 'clk_25mhz'
Slack : -24.850
TNS   : -513.423

Type  : Slow Model Hold 'clk_25mhz'
Slack : -2.726
TNS   : -51.546

Type  : Slow Model Hold 'processor:processor_m|clock:clo|state.state_3'
Slack : -0.242
TNS   : -0.317

Type  : Slow Model Hold 'processor:processor_m|clock:clo|state.state_1'
Slack : 0.147
TNS   : 0.000

Type  : Slow Model Minimum Pulse Width 'clk_25mhz'
Slack : -1.469
TNS   : -49.127

Type  : Slow Model Minimum Pulse Width 'processor:processor_m|clock:clo|state.state_3'
Slack : -0.611
TNS   : -95.316

Type  : Slow Model Minimum Pulse Width 'processor:processor_m|clock:clo|state.state_1'
Slack : -0.611
TNS   : -69.654

Type  : Fast Model Setup 'processor:processor_m|clock:clo|state.state_3'
Slack : -9.690
TNS   : -274.083

Type  : Fast Model Setup 'clk_25mhz'
Slack : -9.117
TNS   : -183.492

Type  : Fast Model Setup 'processor:processor_m|clock:clo|state.state_1'
Slack : -9.069
TNS   : -377.978

Type  : Fast Model Hold 'clk_25mhz'
Slack : -1.402
TNS   : -20.829

Type  : Fast Model Hold 'processor:processor_m|clock:clo|state.state_3'
Slack : -0.324
TNS   : -0.833

Type  : Fast Model Hold 'processor:processor_m|clock:clo|state.state_1'
Slack : -0.181
TNS   : -0.404

Type  : Fast Model Minimum Pulse Width 'clk_25mhz'
Slack : -1.222
TNS   : -40.222

Type  : Fast Model Minimum Pulse Width 'processor:processor_m|clock:clo|state.state_3'
Slack : -0.500
TNS   : -78.000

Type  : Fast Model Minimum Pulse Width 'processor:processor_m|clock:clo|state.state_1'
Slack : -0.500
TNS   : -57.000

------------------------------------------------------------
